[0m
[45m[1;35m  +----------------------------------------------------------+[0m
[45m[1;35m  |                                                          [45m[1;35m|[0m
[45m[1;37m  |  [1;35m __  __  ____  ____  _  _  ____  ___  _  _  ____          [45m[1;37m|[0m
[45m[1;37m  |  [1;35m|  \/  ||_  _||    \|| \| ||  __|/ __|| || ||_  _|         [45m[1;37m|[0m
[45m[1;37m  |  [1;35m| |\/| | _| |_ | |) ||  \ || _| |  _ \| __ | | |          [45m[1;37m|[0m
[45m[1;37m  |  [1;35m|_|  |_||_____||____/ |_|\_||____|\___/|_||_||_|          [45m[1;37m|[0m
[45m[1;37m  |  [1;37m       R  E  N  D  E  Z  V  O  U  S   B  B  S             [45m[1;37m|[0m
[45m[1;35m  |                                                          [45m[1;35m|[0m
[45m[1;37m  |  [1;37m  *  After midnight  *  The night crowd  *  No posers  *  [45m[1;37m|[0m
[45m[1;37m  |  [1;35m  Running PCBoard 15.1  *  6 nodes  *  Online since 1991  [45m[1;37m|[0m
[45m[1;35m  |                                                          [45m[1;35m|[0m
[45m[1;35m  +----------------------------------------------------------+[0m

