[0m
[1;37m  +----------------------------------------------------------+
[1;37m  |                                                          |
[1;37m  |  [1;34m ___  _ _  ____  ____  ____  ___  ____  ___  __  _ ____  [1;37m|
[1;37m  |  [1;34m|   || \ ||  _ \| ___||  _ \/ __||    \|| _ \|  || |  _ \ [1;37m|
[1;37m  |  [1;34m| | ||  \| | | || _|  | |_) |  _ \| |) || |_) |  || | | || [1;37m|
[1;37m  |  [1;34m|___||_|\__||____/|____||____/ \___/|___/ |____/|__||_|____/ [1;37m|
[1;37m  |  [1;36m         R  A  I  L  R  O  A  D     B  B  S               [1;37m|
[1;37m  |                                                          |
[1;37m  |  [1;37m  Open forums  *  Free speech  *  Secure comms            |
[1;37m  |  [1;36m  "Information wants to be free"  *  Running since 1989   [1;37m|
[1;37m  |                                                          |
[1;37m  +----------------------------------------------------------+[0m

