[0m
[0;36m  .----------------------------------------------------------.
[0;36m  |  [1;36m W A R P   F A C T O R   9   B B S                      [0;36m|
[0;36m  |  [1;33m.-.-.-.-.-.-.-.-.-.-.-.-.-.-.-.-.-.-.-.-.-.-.-.-.-.-.-.[0;36m  |
[0;36m  |                                                          |
[0;36m  |  [1;36m  >>>  STARDATE 93.119  >>>  SECTOR 7  >>>  NODE 3       [0;36m|
[0;36m  |                                                          |
[0;36m  |  [0;36m  .-""-.[1;36m  WARP FACTOR 9 BBS[0;36m     .-""-.                   |
[0;36m  |  [0;36m ( [1;33m*  *[0;36m )[1;36m  Sci-fi  *  Tech  *  Scene[0;36m  ( [1;33m*  *[0;36m )                  |
[0;36m  |  [0;36m  "-..-"                           "-..-"                   |
[0;36m  |                                                          |
[0;36m  |  [1;33m  "Make it so."  --  Boards since 1990  --  14400 baud    [0;36m|
[0;36m  |                                                          |
[0;36m  "----------------------------------------------------------"[0m

